Backfilling 67 day foldersΓÇª

  2026-02-16_NIFTY_50  candles[75/25/13]  futures[-/-/-]
  2026-02-17_NIFTY_50  candles[75/25/13]  futures[-/-/-]
  2026-02-18_NIFTY_50  candles[75/25/13]  futures[-/-/-]
  2026-02-19_NIFTY_50  candles[75/25/13]  futures[-/-/-]
  2026-02-20_NIFTY_50  candles[75/25/13]  futures[-/-/-]
  2026-02-23_NIFTY_50  candles[75/25/13]  futures[-/-/-]
  2026-02-24_NIFTY_50  candles[75/25/13]  futures[-/-/-]
  2026-02-25_NIFTY_50  candles[75/25/13]  futures[75/25/13]
  2026-02-26_NIFTY_50  candles[75/25/13]  futures[75/25/13]
  2026-02-27_NIFTY_50  candles[75/25/13]  futures[75/25/13]
  2026-03-02_NIFTY_50  candles[75/25/13]  futures[75/25/13]
  2026-03-03_NIFTY_50  SKIP (candles-1m has 0 bars, futures-1m has 0 bars)
  2026-03-04_NIFTY_50  candles[75/25/13]  futures[75/25/13]
  2026-03-05_NIFTY_50  candles[75/25/13]  futures[75/25/13]
  2026-03-06_NIFTY_50  candles[75/25/13]  futures[75/25/13]
  2026-03-09_NIFTY_50  candles[75/25/13]  futures[75/25/13]
  2026-03-10_NIFTY_50  candles[75/25/13]  futures[75/25/13]
  2026-03-11_NIFTY_50  candles[75/25/13]  futures[75/25/13]
  2026-03-12_NIFTY_50  candles[75/25/13]  futures[75/25/13]
  2026-03-13_NIFTY_50  candles[75/25/13]  futures[75/25/13]
  2026-03-16_NIFTY_50  candles[75/25/13]  futures[75/25/13]
  2026-03-17_NIFTY_50  candles[75/25/13]  futures[75/25/13]
  2026-03-18_NIFTY_50  candles[75/25/13]  futures[75/25/13]
  2026-03-19_NIFTY_50  candles[75/25/13]  futures[75/25/13]
  2026-03-20_NIFTY_50  candles[75/25/13]  futures[75/25/13]
  2026-03-23_NIFTY_50  candles[75/25/13]  futures[75/25/13]
  2026-03-24_NIFTY_50  candles[75/25/13]  futures[75/25/13]
  2026-03-25_NIFTY_50  candles[75/25/13]  futures[75/25/13]
  2026-03-26_NIFTY_50  SKIP (candles-1m has 0 bars, futures-1m has 0 bars)
  2026-03-27_NIFTY_50  candles[75/25/13]  futures[75/25/13]
  2026-03-30_NIFTY_50  candles[75/25/13]  futures[75/25/13]
  2026-03-31_NIFTY_50  SKIP (candles-1m has 0 bars, futures-1m has 0 bars)
  2026-04-01_NIFTY_50  candles[75/25/13]  futures[75/25/13]
  2026-04-02_NIFTY_50  candles[75/25/13]  futures[75/25/13]
  2026-04-03_NIFTY_50  SKIP (candles-1m has 0 bars, futures-1m has 0 bars)
  2026-04-06_NIFTY_50  candles[75/25/13]  futures[75/25/13]
  2026-04-07_NIFTY_50  candles[75/25/13]  futures[75/25/13]
  2026-04-08_NIFTY_50  candles[75/25/13]  futures[75/25/13]
  2026-04-09_NIFTY_50  candles[75/25/13]  futures[75/25/13]
  2026-04-10_NIFTY_50  candles[75/25/13]  futures[75/25/13]
  2026-04-13_NIFTY_50  candles[75/25/13]  futures[75/25/13]
  2026-04-14_NIFTY_50  SKIP (candles-1m has 0 bars, futures-1m has 0 bars)
  2026-04-15_NIFTY_50  candles[75/25/13]  futures[75/25/13]
  2026-04-16_NIFTY_50  candles[75/25/13]  futures[75/25/13]
  2026-04-17_NIFTY_50  candles[75/25/13]  futures[75/25/13]
  2026-04-20_NIFTY_50  candles[75/25/13]  futures[75/25/13]
  2026-04-21_NIFTY_50  candles[75/25/13]  futures[75/25/13]
  2026-04-22_NIFTY_50  candles[75/25/13]  futures[75/25/13]
  2026-04-23_NIFTY_50  candles[75/25/13]  futures[75/25/13]
  2026-04-24_NIFTY_50  candles[75/25/13]  futures[75/25/13]
  2026-04-27_NIFTY_50  candles[75/25/13]  futures[75/25/13]
  2026-04-28_NIFTY_50  candles[75/25/13]  futures[75/25/13]
  2026-04-29_NIFTY_50  candles[75/25/13]  futures[75/25/13]
  2026-04-30_NIFTY_50  candles[75/25/13]  futures[75/25/13]
  2026-05-01_NIFTY_50  SKIP (candles-1m has 0 bars, futures-1m has 0 bars)
  2026-05-04_NIFTY_50  candles[75/25/13]  futures[75/25/13]
  2026-05-05_NIFTY_50  candles[75/25/13]  futures[75/25/13]
  2026-05-06_NIFTY_50  candles[75/25/13]  futures[75/25/13]
  2026-05-07_NIFTY_50  candles[75/25/13]  futures[75/25/13]
  2026-05-08_NIFTY_50  candles[75/25/13]  futures[75/25/13]
  2026-05-11_NIFTY_50  candles[75/25/13]  futures[75/25/13]
  2026-05-12_NIFTY_50  candles[75/25/13]  futures[75/25/13]
  2026-05-13_NIFTY_50  candles[75/25/13]  futures[75/25/13]
  2026-05-14_NIFTY_50  candles[75/25/13]  futures[75/25/13]
  2026-05-15_NIFTY_50  candles[75/25/13]  futures[75/25/13]
  2026-05-17_NIFTY_50  SKIP (candles-1m has 0 bars, futures-1m has 0 bars)
  2026-05-18_NIFTY_50  candles[73/25/13]  futures[243/221/13]

Summary: { processed: 60, skipped: 7, errors: 0 }
